23:27:51 **** Incremental Build of configuration Debug for project LAB7 ****
make -j12 all 
arm-none-eabi-gcc "../Core/Src/main.c" -mcpu=cortex-m4 -std=gnu11 -g3 -DDEBUG -DUSE_HAL_DRIVER -DSTM32F446xx -c -I../Core/Inc -I../Drivers/STM32F4xx_HAL_Driver/Inc -I../Drivers/STM32F4xx_HAL_Driver/Inc/Legacy -I../Drivers/CMSIS/Device/ST/STM32F4xx/Include -I../Drivers/CMSIS/Include -O0 -ffunction-sections -fdata-sections -Wall -fstack-usage -fcyclomatic-complexity -MMD -MP -MF"Core/Src/main.d" -MT"Core/Src/main.o" --specs=nano.specs -mfpu=fpv4-sp-d16 -mfloat-abi=hard -mthumb -o "Core/Src/main.o"
arm-none-eabi-gcc -o "LAB7.elf" @"objects.list"   -mcpu=cortex-m4 -T"C:\Users\abner\Documents\GitHub\Digital2\LAB7\STM32F446RETX_FLASH.ld" --specs=nosys.specs -Wl,-Map="LAB7.map" -Wl,--gc-sections -static --specs=nano.specs -mfpu=fpv4-sp-d16 -mfloat-abi=hard -mthumb -Wl,--start-group -lc -lm -Wl,--end-group
Finished building target: LAB7.elf
 
arm-none-eabi-size  LAB7.elf 
arm-none-eabi-objdump -h -S LAB7.elf  > "LAB7.list"
   text	   data	    bss	    dec	    hex	filename
  25700	     92	   2236	  28028	   6d7c	LAB7.elf
Finished building: default.size.stdout
 
Finished building: LAB7.list
 
23:39:10 **** Incremental Build of configuration Debug for project LAB7 ****
make -j12 all 
arm-none-eabi-size  LAB7.elf 
   text	   data	    bss	    dec	    hex	filename
  25700	     92	   2236	  28028	   6d7c	LAB7.elf
Finished building: default.size.stdout
 
23:45:05 **** Incremental Build of configuration Debug for project LAB7 ****
make -j12 all 
arm-none-eabi-gcc "../Core/Src/main.c" -mcpu=cortex-m4 -std=gnu11 -g3 -DDEBUG -DUSE_HAL_DRIVER -DSTM32F446xx -c -I../Core/Inc -I../Drivers/STM32F4xx_HAL_Driver/Inc -I../Drivers/STM32F4xx_HAL_Driver/Inc/Legacy -I../Drivers/CMSIS/Device/ST/STM32F4xx/Include -I../Drivers/CMSIS/Include -O0 -ffunction-sections -fdata-sections -Wall -fstack-usage -fcyclomatic-complexity -MMD -MP -MF"Core/Src/main.d" -MT"Core/Src/main.o" --specs=nano.specs -mfpu=fpv4-sp-d16 -mfloat-abi=hard -mthumb -o "Core/Src/main.o"
arm-none-eabi-gcc -o "LAB7.elf" @"objects.list"   -mcpu=cortex-m4 -T"C:\Users\abner\Documents\GitHub\Digital2\LAB7\STM32F446RETX_FLASH.ld" --specs=nosys.specs -Wl,-Map="LAB7.map" -Wl,--gc-sections -static --specs=nano.specs -mfpu=fpv4-sp-d16 -mfloat-abi=hard -mthumb -Wl,--start-group -lc -lm -Wl,--end-group
Finished building target: LAB7.elf
 
arm-none-eabi-size  LAB7.elf 
arm-none-eabi-objdump -h -S LAB7.elf  > "LAB7.list"
   text	   data	    bss	    dec	    hex	filename
  25708	     92	   2236	  28036	   6d84	LAB7.elf
Finished building: default.size.stdout
 
Finished building: LAB7.list
 
23:47:28 **** Incremental Build of configuration Debug for project LAB7 ****
make -j12 all 
arm-none-eabi-gcc "../Core/Src/main.c" -mcpu=cortex-m4 -std=gnu11 -g3 -DDEBUG -DUSE_HAL_DRIVER -DSTM32F446xx -c -I../Core/Inc -I../Drivers/STM32F4xx_HAL_Driver/Inc -I../Drivers/STM32F4xx_HAL_Driver/Inc/Legacy -I../Drivers/CMSIS/Device/ST/STM32F4xx/Include -I../Drivers/CMSIS/Include -O0 -ffunction-sections -fdata-sections -Wall -fstack-usage -fcyclomatic-complexity -MMD -MP -MF"Core/Src/main.d" -MT"Core/Src/main.o" --specs=nano.specs -mfpu=fpv4-sp-d16 -mfloat-abi=hard -mthumb -o "Core/Src/main.o"
arm-none-eabi-gcc -o "LAB7.elf" @"objects.list"   -mcpu=cortex-m4 -T"C:\Users\abner\Documents\GitHub\Digital2\LAB7\STM32F446RETX_FLASH.ld" --specs=nosys.specs -Wl,-Map="LAB7.map" -Wl,--gc-sections -static --specs=nano.specs -mfpu=fpv4-sp-d16 -mfloat-abi=hard -mthumb -Wl,--start-group -lc -lm -Wl,--end-group
Finished building target: LAB7.elf
 
arm-none-eabi-size  LAB7.elf 
arm-none-eabi-objdump -h -S LAB7.elf  > "LAB7.list"
   text	   data	    bss	    dec	    hex	filename
  25724	     92	   2236	  28052	   6d94	LAB7.elf
Finished building: default.size.stdout
 
Finished building: LAB7.list
 
23:47:45 **** Incremental Build of configuration Debug for project LAB7 ****
make -j12 all 
arm-none-eabi-size  LAB7.elf 
   text	   data	    bss	    dec	    hex	filename
  25724	     92	   2236	  28052	   6d94	LAB7.elf
Finished building: default.size.stdout
 
