12:25:06 **** Incremental Build of configuration Debug for project lab6 ****
make -j12 all 
arm-none-eabi-gcc "../Core/Src/main.c" -mcpu=cortex-m4 -std=gnu11 -g3 -DDEBUG -DUSE_HAL_DRIVER -DSTM32F446xx -c -I../Core/Inc -I../Drivers/STM32F4xx_HAL_Driver/Inc -I../Drivers/STM32F4xx_HAL_Driver/Inc/Legacy -I../Drivers/CMSIS/Device/ST/STM32F4xx/Include -I../Drivers/CMSIS/Include -O0 -ffunction-sections -fdata-sections -Wall -fstack-usage -fcyclomatic-complexity -MMD -MP -MF"Core/Src/main.d" -MT"Core/Src/main.o" --specs=nano.specs -mfpu=fpv4-sp-d16 -mfloat-abi=hard -mthumb -o "Core/Src/main.o"
arm-none-eabi-gcc -o "lab6.elf" @"objects.list"   -mcpu=cortex-m4 -T"C:\Users\abner\Documents\GitHub\Digital2\lab6\STM32F446RETX_FLASH.ld" --specs=nosys.specs -Wl,-Map="lab6.map" -Wl,--gc-sections -static --specs=nano.specs -mfpu=fpv4-sp-d16 -mfloat-abi=hard -mthumb -Wl,--start-group -lc -lm -Wl,--end-group
Finished building target: lab6.elf
 
arm-none-eabi-size  lab6.elf 
arm-none-eabi-objdump -h -S lab6.elf  > "lab6.list"
   text	   data	    bss	    dec	    hex	filename
  19908	     92	   2220	  22220	   56cc	lab6.elf
Finished building: default.size.stdout
 
Finished building: lab6.list
 

12:25:08 Build Finished. 0 errors, 0 warnings. (took 1s.731ms)

